<html>
<body>
<pre>
<h1>µVision Build Log</h1>
<h2>Project:</h2>
E:\Documents\µ¥Æ¬»ú\Íú±¦-Beemer±¦Âí1768(2015.09)V2.0\3.Ô´´úÂë-Example\1¡¢»ù´¡Àý³Ì-Basis\¡¾19¡¿±¦Âí1768_CAN×ÜÏß(2014.05.10)\CANÂË²¨\Project\Project.uvproj
Project File Date:  04/30/2014

<h2>Output:</h2>
Rebuild target 'CAN(ÂË²¨)'
compiling core_cm3.c...
assembling startup_LPC17xx.s...
compiling system_LPC17xx.c...
compiling main.c...
..\App\main.c(41): warning:  #223-D: function "CAN_SetACCF" declared implicitly
compiling LPC17xx_it.c...
compiling CAN.c...
..\ExtiDrive\CAN\CAN.c(87): warning:  #177-D: variable "i" was declared but never referenced
..\ExtiDrive\CAN\CAN.c(88): warning:  #177-D: variable "address" was declared but never referenced
..\ExtiDrive\CAN\CAN.c(214): warning:  #177-D: variable "i" was declared but never referenced
compiling uart.c...
linking...
Program Size: Code=3024 RO-data=304 RW-data=60 ZI-data=676  
".\obj\Project.axf" - 0 Error(s), 4 Warning(s).
Rebuild target 'CAN(ÂË²¨)'
compiling core_cm3.c...
assembling startup_LPC17xx.s...
compiling system_LPC17xx.c...
compiling main.c...
..\App\main.c(41): warning:  #223-D: function "CAN_SetACCF" declared implicitly
compiling LPC17xx_it.c...
compiling CAN.c...
..\ExtiDrive\CAN\CAN.c(87): warning:  #177-D: variable "address" was declared but never referenced
..\ExtiDrive\CAN\CAN.c(209): warning:  #177-D: variable "i" was declared but never referenced
compiling uart.c...
linking...
Program Size: Code=3024 RO-data=304 RW-data=60 ZI-data=676  
".\obj\Project.axf" - 0 Error(s), 3 Warning(s).
Rebuild target 'CAN(ÂË²¨)'
compiling core_cm3.c...
assembling startup_LPC17xx.s...
compiling system_LPC17xx.c...
compiling main.c...
..\ExtiDrive\CAN\can.h(70): error:  #130: expected a "{"
..\App\main.c(33): warning:  #12-D: parsing restarts here after previous syntax error
..\App\main.c(43): error:  #20: identifier "CAN_TxMsg" is undefined
..\App\main.c(52): warning:  #223-D: function "UART2_Init" declared implicitly
..\App\main.c(53): warning:  #223-D: function "UART2_SendString" declared implicitly
compiling LPC17xx_it.c...
..\ExtiDrive\CAN\can.h(70): error:  #130: expected a "{"
..\App\LPC17xx_it.c(7): warning:  #12-D: parsing restarts here after previous syntax error
..\App\LPC17xx_it.c(13): error:  #20: identifier "UART2_BUF" is undefined
..\App\LPC17xx_it.c(17): error:  #20: identifier "CAN_TxRdy" is undefined
..\App\LPC17xx_it.c(20): error:  #20: identifier "CAN_TxMsg" is undefined
..\App\LPC17xx_it.c(20): error:  #20: identifier "UART2_BUF" is undefined
..\App\LPC17xx_it.c(41): error:  #20: identifier "CAN_RxMsg" is undefined
..\App\LPC17xx_it.c(43): error:  #20: identifier "CAN_RxRdy" is undefined
..\App\LPC17xx_it.c(47): error:  #20: identifier "CAN_TxRdy" is undefined
compiling CAN.c...
..\ExtiDrive\CAN\CAN.h(70): error:  #130: expected a "{"
..\ExtiDrive\CAN\CAN.c(21): warning:  #12-D: parsing restarts here after previous syntax error
..\ExtiDrive\CAN\CAN.c(21): warning:  #174-D: expression has no effect
..\ExtiDrive\CAN\CAN.c(21): warning:  #174-D: expression has no effect
..\ExtiDrive\CAN\CAN.c(21): error:  #65: expected a ";"
..\ExtiDrive\CAN\CAN.c(87): warning:  #177-D: variable "address" was declared but never referenced
..\ExtiDrive\CAN\CAN.c(138): error:  #20: identifier "CAN_TxRdy" is undefined
..\ExtiDrive\CAN\CAN.c(209): warning:  #177-D: variable "i" was declared but never referenced
..\ExtiDrive\CAN\CAN.c(251): error:  #247: function "CAN_SetACCF" has already been defined
compiling uart.c...
Target not created
Rebuild target 'CAN(ÂË²¨)'
compiling core_cm3.c...
assembling startup_LPC17xx.s...
compiling system_LPC17xx.c...
compiling main.c...
compiling LPC17xx_it.c...
compiling CAN.c...
..\ExtiDrive\CAN\CAN.c(87): warning:  #177-D: variable "address" was declared but never referenced
..\ExtiDrive\CAN\CAN.c(209): warning:  #177-D: variable "i" was declared but never referenced
compiling uart.c...
linking...
Program Size: Code=3024 RO-data=304 RW-data=60 ZI-data=676  
".\obj\Project.axf" - 0 Error(s), 2 Warning(s).
Rebuild target 'CAN(ÂË²¨)'
compiling core_cm3.c...
assembling startup_LPC17xx.s...
compiling system_LPC17xx.c...
compiling main.c...
compiling LPC17xx_it.c...
compiling CAN.c...
compiling uart.c...
linking...
Program Size: Code=3024 RO-data=304 RW-data=60 ZI-data=676  
".\obj\Project.axf" - 0 Error(s), 0 Warning(s).
Rebuild target 'CAN(ÂË²¨)'
compiling core_cm3.c...
assembling startup_LPC17xx.s...
compiling system_LPC17xx.c...
compiling main.c...
compiling LPC17xx_it.c...
compiling CAN.c...
compiling uart.c...
linking...
Program Size: Code=3024 RO-data=304 RW-data=60 ZI-data=676  
".\obj\Project.axf" - 0 Error(s), 0 Warning(s).
Rebuild target 'CAN(ÂË²¨)'
compiling core_cm3.c...
assembling startup_LPC17xx.s...
compiling system_LPC17xx.c...
compiling main.c...
compiling LPC17xx_it.c...
compiling CAN.c...
compiling uart.c...
linking...
Program Size: Code=3024 RO-data=304 RW-data=60 ZI-data=676  
FromELF: creating hex file...
".\obj\Project.axf" - 0 Error(s), 0 Warning(s).
