<html>
<body>
<pre>
<h1>µVision Build Log</h1>
<h2>Project:</h2>
F:\work_space\git_repo_public\USB-CAN-II-Firmware\Project\Project.uvproj
Project File Date:  10/23/2018

<h2>Output:</h2>
Rebuild target 'Target 1'
compiling core_cm3.c...
assembling startup_LPC17xx.s...
compiling system_LPC17xx.c...
compiling main.c...
compiling LPC17xx_it.c...
compiling hiduser.c...
compiling usbcore.c...
compiling usbdesc.c...
compiling usbhw.c...
compiling usbuser.c...
linking...
Program Size: Code=5052 RO-data=492 RW-data=84 ZI-data=516  
FromELF: creating hex file...
".\obj\Project.axf" - 0 Error(s), 0 Warning(s).
Rebuild target 'Target 1'
compiling core_cm3.c...
assembling startup_LPC17xx.s...
compiling system_LPC17xx.c...
compiling main.c...
compiling LPC17xx_it.c...
compiling hiduser.c...
compiling usbcore.c...
compiling usbdesc.c...
..\ExtiDrive\USB\inc\vendor.h(13): warning:  #1-D: last line of file ends without a newline
compiling usbhw.c...
compiling usbuser.c...
linking...
Program Size: Code=5052 RO-data=468 RW-data=84 ZI-data=516  
FromELF: creating hex file...
".\obj\Project.axf" - 0 Error(s), 1 Warning(s).
Rebuild target 'Target 1'
compiling core_cm3.c...
assembling startup_LPC17xx.s...
compiling system_LPC17xx.c...
compiling main.c...
compiling LPC17xx_it.c...
compiling hiduser.c...
compiling usbcore.c...
compiling usbdesc.c...
compiling usbhw.c...
compiling usbuser.c...
linking...
Program Size: Code=5052 RO-data=468 RW-data=84 ZI-data=516  
FromELF: creating hex file...
".\obj\Project.axf" - 0 Error(s), 0 Warning(s).
Rebuild target 'Target 1'
compiling core_cm3.c...
assembling startup_LPC17xx.s...
compiling system_LPC17xx.c...
compiling main.c...
compiling LPC17xx_it.c...
compiling hiduser.c...
compiling usbcore.c...
compiling usbdesc.c...
compiling usbhw.c...
compiling usbuser.c...
linking...
Program Size: Code=5052 RO-data=468 RW-data=84 ZI-data=516  
FromELF: creating hex file...
".\obj\Project.axf" - 0 Error(s), 0 Warning(s).
Rebuild target 'Target 1'
compiling core_cm3.c...
assembling startup_LPC17xx.s...
compiling system_LPC17xx.c...
compiling main.c...
compiling LPC17xx_it.c...
compiling hiduser.c...
compiling usbcore.c...
compiling usbdesc.c...
compiling usbhw.c...
compiling usbuser.c...
linking...
Program Size: Code=5052 RO-data=484 RW-data=84 ZI-data=516  
FromELF: creating hex file...
".\obj\Project.axf" - 0 Error(s), 0 Warning(s).
Rebuild target 'Target 1'
compiling core_cm3.c...
assembling startup_LPC17xx.s...
compiling system_LPC17xx.c...
compiling main.c...
compiling LPC17xx_it.c...
compiling hiduser.c...
compiling usbcore.c...
compiling usbdesc.c...
compiling usbhw.c...
compiling usbuser.c...
linking...
.\obj\Project.axf: Error: L6218E: Undefined symbol HID_ReportDescSize (referred from usbcore.o).
.\obj\Project.axf: Error: L6218E: Undefined symbol HID_ReportDescriptor (referred from usbcore.o).
Target not created
Rebuild target 'Target 1'
compiling core_cm3.c...
assembling startup_LPC17xx.s...
compiling system_LPC17xx.c...
compiling main.c...
compiling LPC17xx_it.c...
compiling hiduser.c...
compiling usbcore.c...
compiling usbdesc.c...
compiling usbhw.c...
compiling usbuser.c...
linking...
Program Size: Code=4520 RO-data=448 RW-data=84 ZI-data=516  
FromELF: creating hex file...
".\obj\Project.axf" - 0 Error(s), 0 Warning(s).
Rebuild target 'Target 1'
compiling core_cm3.c...
assembling startup_LPC17xx.s...
compiling system_LPC17xx.c...
compiling main.c...
compiling LPC17xx_it.c...
compiling hiduser.c...
compiling usbcore.c...
..\ExtiDrive\USB\src\usbcore.c(866): warning:  #223-D: function "USB_ReqVendorDev" declared implicitly
..\ExtiDrive\USB\src\usbcore.c(872): warning:  #223-D: function "USB_ReqVendorIF" declared implicitly
..\ExtiDrive\USB\src\usbcore.c(878): warning:  #223-D: function "USB_ReqVendorEP" declared implicitly
..\ExtiDrive\USB\src\usbcore.c(1008): warning:  #223-D: function "USB_ReqVendorDev" declared implicitly
..\ExtiDrive\USB\src\usbcore.c(1014): warning:  #223-D: function "USB_ReqVendorIF" declared implicitly
..\ExtiDrive\USB\src\usbcore.c(1020): warning:  #223-D: function "USB_ReqVendorEP" declared implicitly
compiling usbdesc.c...
compiling usbhw.c...
compiling usbuser.c...
linking...
.\obj\Project.axf: Error: L6218E: Undefined symbol USB_ReqVendorDev (referred from usbcore.o).
.\obj\Project.axf: Error: L6218E: Undefined symbol USB_ReqVendorEP (referred from usbcore.o).
.\obj\Project.axf: Error: L6218E: Undefined symbol USB_ReqVendorIF (referred from usbcore.o).
Target not created
Rebuild target 'Target 1'
compiling core_cm3.c...
assembling startup_LPC17xx.s...
compiling system_LPC17xx.c...
compiling main.c...
compiling LPC17xx_it.c...
compiling hiduser.c...
compiling usbcore.c...
compiling usbdesc.c...
compiling usbhw.c...
compiling usbuser.c...
linking...
Program Size: Code=4520 RO-data=448 RW-data=84 ZI-data=516  
FromELF: creating hex file...
".\obj\Project.axf" - 0 Error(s), 0 Warning(s).
