<!doctype html public "-//w3c//dtd html 4.0 transitional//en">
<html><head>
<title>Static Call Graph - [.\obj\Project.axf]</title></head>
<body><HR>
<H1>Static Call Graph for image .\obj\Project.axf</H1><HR>
<BR><P>#&#060CALLGRAPH&#062# ARM Linker, 5.02 [Build 28]: Last Updated: Wed Jan 23 21:48:21 2019
<BR><P>
<H3>Maximum Stack Usage =         60 bytes + Unknown(Cycles, Untraceable Function Pointers)</H3><H3>
Call chain for Maximum Stack Depth:</H3>
USB_EndPoint0 &rArr; USB_ReqSetInterface &rArr; USB_ResetEP
<P>
<H3>
Mutually Recursive functions
</H3> <LI><a href="#[1]">NMI_Handler</a>&nbsp;&nbsp;&nbsp;&rArr;&nbsp;&nbsp;&nbsp;<a href="#[1]">NMI_Handler</a><BR>
 <LI><a href="#[2]">HardFault_Handler</a>&nbsp;&nbsp;&nbsp;&rArr;&nbsp;&nbsp;&nbsp;<a href="#[2]">HardFault_Handler</a><BR>
 <LI><a href="#[3]">MemManage_Handler</a>&nbsp;&nbsp;&nbsp;&rArr;&nbsp;&nbsp;&nbsp;<a href="#[3]">MemManage_Handler</a><BR>
 <LI><a href="#[4]">BusFault_Handler</a>&nbsp;&nbsp;&nbsp;&rArr;&nbsp;&nbsp;&nbsp;<a href="#[4]">BusFault_Handler</a><BR>
 <LI><a href="#[5]">UsageFault_Handler</a>&nbsp;&nbsp;&nbsp;&rArr;&nbsp;&nbsp;&nbsp;<a href="#[5]">UsageFault_Handler</a><BR>
 <LI><a href="#[6]">SVC_Handler</a>&nbsp;&nbsp;&nbsp;&rArr;&nbsp;&nbsp;&nbsp;<a href="#[6]">SVC_Handler</a><BR>
 <LI><a href="#[7]">DebugMon_Handler</a>&nbsp;&nbsp;&nbsp;&rArr;&nbsp;&nbsp;&nbsp;<a href="#[7]">DebugMon_Handler</a><BR>
 <LI><a href="#[8]">PendSV_Handler</a>&nbsp;&nbsp;&nbsp;&rArr;&nbsp;&nbsp;&nbsp;<a href="#[8]">PendSV_Handler</a><BR>
 <LI><a href="#[9]">SysTick_Handler</a>&nbsp;&nbsp;&nbsp;&rArr;&nbsp;&nbsp;&nbsp;<a href="#[9]">SysTick_Handler</a><BR>
 <LI><a href="#[20]">ADC_IRQHandler</a>&nbsp;&nbsp;&nbsp;&rArr;&nbsp;&nbsp;&nbsp;<a href="#[20]">ADC_IRQHandler</a><BR>
</UL>
<P>
<H3>
Function Pointers
</H3><UL>
 <LI><a href="#[20]">ADC_IRQHandler</a> from startup_lpc17xx.o(.text) referenced from startup_lpc17xx.o(RESET)
 <LI><a href="#[21]">BOD_IRQHandler</a> from startup_lpc17xx.o(.text) referenced from startup_lpc17xx.o(RESET)
 <LI><a href="#[4]">BusFault_Handler</a> from startup_lpc17xx.o(.text) referenced from startup_lpc17xx.o(RESET)
 <LI><a href="#[2c]">CANActivity_IRQHandler</a> from startup_lpc17xx.o(.text) referenced from startup_lpc17xx.o(RESET)
 <LI><a href="#[23]">CAN_IRQHandler</a> from startup_lpc17xx.o(.text) referenced from startup_lpc17xx.o(RESET)
 <LI><a href="#[24]">DMA_IRQHandler</a> from startup_lpc17xx.o(.text) referenced from startup_lpc17xx.o(RESET)
 <LI><a href="#[7]">DebugMon_Handler</a> from startup_lpc17xx.o(.text) referenced from startup_lpc17xx.o(RESET)
 <LI><a href="#[1c]">EINT0_IRQHandler</a> from startup_lpc17xx.o(.text) referenced from startup_lpc17xx.o(RESET)
 <LI><a href="#[1d]">EINT1_IRQHandler</a> from startup_lpc17xx.o(.text) referenced from startup_lpc17xx.o(RESET)
 <LI><a href="#[1e]">EINT2_IRQHandler</a> from startup_lpc17xx.o(.text) referenced from startup_lpc17xx.o(RESET)
 <LI><a href="#[1f]">EINT3_IRQHandler</a> from startup_lpc17xx.o(.text) referenced from startup_lpc17xx.o(RESET)
 <LI><a href="#[26]">ENET_IRQHandler</a> from startup_lpc17xx.o(.text) referenced from startup_lpc17xx.o(RESET)
 <LI><a href="#[2]">HardFault_Handler</a> from startup_lpc17xx.o(.text) referenced from startup_lpc17xx.o(RESET)
 <LI><a href="#[14]">I2C0_IRQHandler</a> from startup_lpc17xx.o(.text) referenced from startup_lpc17xx.o(RESET)
 <LI><a href="#[15]">I2C1_IRQHandler</a> from startup_lpc17xx.o(.text) referenced from startup_lpc17xx.o(RESET)
 <LI><a href="#[16]">I2C2_IRQHandler</a> from startup_lpc17xx.o(.text) referenced from startup_lpc17xx.o(RESET)
 <LI><a href="#[25]">I2S_IRQHandler</a> from startup_lpc17xx.o(.text) referenced from startup_lpc17xx.o(RESET)
 <LI><a href="#[28]">MCPWM_IRQHandler</a> from startup_lpc17xx.o(.text) referenced from startup_lpc17xx.o(RESET)
 <LI><a href="#[3]">MemManage_Handler</a> from startup_lpc17xx.o(.text) referenced from startup_lpc17xx.o(RESET)
 <LI><a href="#[1]">NMI_Handler</a> from startup_lpc17xx.o(.text) referenced from startup_lpc17xx.o(RESET)
 <LI><a href="#[1a]">PLL0_IRQHandler</a> from startup_lpc17xx.o(.text) referenced from startup_lpc17xx.o(RESET)
 <LI><a href="#[2a]">PLL1_IRQHandler</a> from startup_lpc17xx.o(.text) referenced from startup_lpc17xx.o(RESET)
 <LI><a href="#[13]">PWM1_IRQHandler</a> from startup_lpc17xx.o(.text) referenced from startup_lpc17xx.o(RESET)
 <LI><a href="#[8]">PendSV_Handler</a> from startup_lpc17xx.o(.text) referenced from startup_lpc17xx.o(RESET)
 <LI><a href="#[29]">QEI_IRQHandler</a> from startup_lpc17xx.o(.text) referenced from startup_lpc17xx.o(RESET)
 <LI><a href="#[27]">RIT_IRQHandler</a> from startup_lpc17xx.o(.text) referenced from startup_lpc17xx.o(RESET)
 <LI><a href="#[1b]">RTC_IRQHandler</a> from startup_lpc17xx.o(.text) referenced from startup_lpc17xx.o(RESET)
 <LI><a href="#[0]">Reset_Handler</a> from startup_lpc17xx.o(.text) referenced from startup_lpc17xx.o(RESET)
 <LI><a href="#[17]">SPI_IRQHandler</a> from startup_lpc17xx.o(.text) referenced from startup_lpc17xx.o(RESET)
 <LI><a href="#[18]">SSP0_IRQHandler</a> from startup_lpc17xx.o(.text) referenced from startup_lpc17xx.o(RESET)
 <LI><a href="#[19]">SSP1_IRQHandler</a> from startup_lpc17xx.o(.text) referenced from startup_lpc17xx.o(RESET)
 <LI><a href="#[6]">SVC_Handler</a> from startup_lpc17xx.o(.text) referenced from startup_lpc17xx.o(RESET)
 <LI><a href="#[9]">SysTick_Handler</a> from startup_lpc17xx.o(.text) referenced from startup_lpc17xx.o(RESET)
 <LI><a href="#[2e]">SystemInit</a> from system_lpc17xx.o(i.SystemInit) referenced from startup_lpc17xx.o(.text)
 <LI><a href="#[b]">TIMER0_IRQHandler</a> from startup_lpc17xx.o(.text) referenced from startup_lpc17xx.o(RESET)
 <LI><a href="#[c]">TIMER1_IRQHandler</a> from startup_lpc17xx.o(.text) referenced from startup_lpc17xx.o(RESET)
 <LI><a href="#[d]">TIMER2_IRQHandler</a> from startup_lpc17xx.o(.text) referenced from startup_lpc17xx.o(RESET)
 <LI><a href="#[e]">TIMER3_IRQHandler</a> from startup_lpc17xx.o(.text) referenced from startup_lpc17xx.o(RESET)
 <LI><a href="#[f]">UART0_IRQHandler</a> from startup_lpc17xx.o(.text) referenced from startup_lpc17xx.o(RESET)
 <LI><a href="#[10]">UART1_IRQHandler</a> from startup_lpc17xx.o(.text) referenced from startup_lpc17xx.o(RESET)
 <LI><a href="#[11]">UART2_IRQHandler</a> from startup_lpc17xx.o(.text) referenced from startup_lpc17xx.o(RESET)
 <LI><a href="#[12]">UART3_IRQHandler</a> from startup_lpc17xx.o(.text) referenced from startup_lpc17xx.o(RESET)
 <LI><a href="#[2b]">USBActivity_IRQHandler</a> from startup_lpc17xx.o(.text) referenced from startup_lpc17xx.o(RESET)
 <LI><a href="#[30]">USB_EndPoint0</a> from usbcore.o(i.USB_EndPoint0) referenced from usbuser.o(.constdata)
 <LI><a href="#[31]">USB_EndPoint1</a> from usbuser.o(i.USB_EndPoint1) referenced from usbuser.o(.constdata)
 <LI><a href="#[22]">USB_IRQHandler</a> from usbhw.o(i.USB_IRQHandler) referenced from startup_lpc17xx.o(RESET)
 <LI><a href="#[5]">UsageFault_Handler</a> from startup_lpc17xx.o(.text) referenced from startup_lpc17xx.o(RESET)
 <LI><a href="#[a]">WDT_IRQHandler</a> from startup_lpc17xx.o(.text) referenced from startup_lpc17xx.o(RESET)
 <LI><a href="#[2f]">__main</a> from entry.o(.ARM.Collect$$$$00000000) referenced from startup_lpc17xx.o(.text)
 <LI><a href="#[2d]">main</a> from main.o(i.main) referenced from entry8.o(.ARM.Collect$$$$00000009)
</UL>
<P>
<H3>
Global Symbols
</H3>
<P><STRONG><a name="[2f]"></a>__main</STRONG> (Thumb, 0 bytes, Stack size unknown bytes, entry.o(.ARM.Collect$$$$00000000))
<BR>[Address Reference Count : 1]<UL><LI> startup_lpc17xx.o(.text)
</UL>
<P><STRONG><a name="[59]"></a>_main_stk</STRONG> (Thumb, 0 bytes, Stack size unknown bytes, entry2.o(.ARM.Collect$$$$00000001))

<P><STRONG><a name="[32]"></a>_main_scatterload</STRONG> (Thumb, 0 bytes, Stack size unknown bytes, entry5.o(.ARM.Collect$$$$00000004))
<BR><BR>[Calls]<UL><LI><a href="#[33]">&gt;&gt;</a>&nbsp;&nbsp;&nbsp;__scatterload
</UL>

<P><STRONG><a name="[34]"></a>__main_after_scatterload</STRONG> (Thumb, 0 bytes, Stack size unknown bytes, entry5.o(.ARM.Collect$$$$00000004))
<BR><BR>[Called By]<UL><LI><a href="#[33]">&gt;&gt;</a>&nbsp;&nbsp;&nbsp;__scatterload
</UL>

<P><STRONG><a name="[5a]"></a>_main_clock</STRONG> (Thumb, 0 bytes, Stack size unknown bytes, entry7b.o(.ARM.Collect$$$$00000008))

<P><STRONG><a name="[5b]"></a>_main_init</STRONG> (Thumb, 0 bytes, Stack size unknown bytes, entry8.o(.ARM.Collect$$$$00000009))

<P><STRONG><a name="[0]"></a>Reset_Handler</STRONG> (Thumb, 8 bytes, Stack size 0 bytes, startup_lpc17xx.o(.text))
<BR>[Address Reference Count : 1]<UL><LI> startup_lpc17xx.o(RESET)
</UL>
<P><STRONG><a name="[1]"></a>NMI_Handler</STRONG> (Thumb, 2 bytes, Stack size 0 bytes, startup_lpc17xx.o(.text))
<BR><BR>[Calls]<UL><LI><a href="#[1]">&gt;&gt;</a>&nbsp;&nbsp;&nbsp;NMI_Handler
</UL>
<BR>[Called By]<UL><LI><a href="#[1]">&gt;&gt;</a>&nbsp;&nbsp;&nbsp;NMI_Handler
</UL>
<BR>[Address Reference Count : 1]<UL><LI> startup_lpc17xx.o(RESET)
</UL>
<P><STRONG><a name="[2]"></a>HardFault_Handler</STRONG> (Thumb, 2 bytes, Stack size 0 bytes, startup_lpc17xx.o(.text))
<BR><BR>[Calls]<UL><LI><a href="#[2]">&gt;&gt;</a>&nbsp;&nbsp;&nbsp;HardFault_Handler
</UL>
<BR>[Called By]<UL><LI><a href="#[2]">&gt;&gt;</a>&nbsp;&nbsp;&nbsp;HardFault_Handler
</UL>
<BR>[Address Reference Count : 1]<UL><LI> startup_lpc17xx.o(RESET)
</UL>
<P><STRONG><a name="[3]"></a>MemManage_Handler</STRONG> (Thumb, 2 bytes, Stack size 0 bytes, startup_lpc17xx.o(.text))
<BR><BR>[Calls]<UL><LI><a href="#[3]">&gt;&gt;</a>&nbsp;&nbsp;&nbsp;MemManage_Handler
</UL>
<BR>[Called By]<UL><LI><a href="#[3]">&gt;&gt;</a>&nbsp;&nbsp;&nbsp;MemManage_Handler
</UL>
<BR>[Address Reference Count : 1]<UL><LI> startup_lpc17xx.o(RESET)
</UL>
<P><STRONG><a name="[4]"></a>BusFault_Handler</STRONG> (Thumb, 2 bytes, Stack size 0 bytes, startup_lpc17xx.o(.text))
<BR><BR>[Calls]<UL><LI><a href="#[4]">&gt;&gt;</a>&nbsp;&nbsp;&nbsp;BusFault_Handler
</UL>
<BR>[Called By]<UL><LI><a href="#[4]">&gt;&gt;</a>&nbsp;&nbsp;&nbsp;BusFault_Handler
</UL>
<BR>[Address Reference Count : 1]<UL><LI> startup_lpc17xx.o(RESET)
</UL>
<P><STRONG><a name="[5]"></a>UsageFault_Handler</STRONG> (Thumb, 2 bytes, Stack size 0 bytes, startup_lpc17xx.o(.text))
<BR><BR>[Calls]<UL><LI><a href="#[5]">&gt;&gt;</a>&nbsp;&nbsp;&nbsp;UsageFault_Handler
</UL>
<BR>[Called By]<UL><LI><a href="#[5]">&gt;&gt;</a>&nbsp;&nbsp;&nbsp;UsageFault_Handler
</UL>
<BR>[Address Reference Count : 1]<UL><LI> startup_lpc17xx.o(RESET)
</UL>
<P><STRONG><a name="[6]"></a>SVC_Handler</STRONG> (Thumb, 2 bytes, Stack size 0 bytes, startup_lpc17xx.o(.text))
<BR><BR>[Calls]<UL><LI><a href="#[6]">&gt;&gt;</a>&nbsp;&nbsp;&nbsp;SVC_Handler
</UL>
<BR>[Called By]<UL><LI><a href="#[6]">&gt;&gt;</a>&nbsp;&nbsp;&nbsp;SVC_Handler
</UL>
<BR>[Address Reference Count : 1]<UL><LI> startup_lpc17xx.o(RESET)
</UL>
<P><STRONG><a name="[7]"></a>DebugMon_Handler</STRONG> (Thumb, 2 bytes, Stack size 0 bytes, startup_lpc17xx.o(.text))
<BR><BR>[Calls]<UL><LI><a href="#[7]">&gt;&gt;</a>&nbsp;&nbsp;&nbsp;DebugMon_Handler
</UL>
<BR>[Called By]<UL><LI><a href="#[7]">&gt;&gt;</a>&nbsp;&nbsp;&nbsp;DebugMon_Handler
</UL>
<BR>[Address Reference Count : 1]<UL><LI> startup_lpc17xx.o(RESET)
</UL>
<P><STRONG><a name="[8]"></a>PendSV_Handler</STRONG> (Thumb, 2 bytes, Stack size 0 bytes, startup_lpc17xx.o(.text))
<BR><BR>[Calls]<UL><LI><a href="#[8]">&gt;&gt;</a>&nbsp;&nbsp;&nbsp;PendSV_Handler
</UL>
<BR>[Called By]<UL><LI><a href="#[8]">&gt;&gt;</a>&nbsp;&nbsp;&nbsp;PendSV_Handler
</UL>
<BR>[Address Reference Count : 1]<UL><LI> startup_lpc17xx.o(RESET)
</UL>
<P><STRONG><a name="[9]"></a>SysTick_Handler</STRONG> (Thumb, 2 bytes, Stack size 0 bytes, startup_lpc17xx.o(.text))
<BR><BR>[Calls]<UL><LI><a href="#[9]">&gt;&gt;</a>&nbsp;&nbsp;&nbsp;SysTick_Handler
</UL>
<BR>[Called By]<UL><LI><a href="#[9]">&gt;&gt;</a>&nbsp;&nbsp;&nbsp;SysTick_Handler
</UL>
<BR>[Address Reference Count : 1]<UL><LI> startup_lpc17xx.o(RESET)
</UL>
<P><STRONG><a name="[20]"></a>ADC_IRQHandler</STRONG> (Thumb, 0 bytes, Stack size 0 bytes, startup_lpc17xx.o(.text))
<BR><BR>[Calls]<UL><LI><a href="#[20]">&gt;&gt;</a>&nbsp;&nbsp;&nbsp;ADC_IRQHandler
</UL>
<BR>[Called By]<UL><LI><a href="#[20]">&gt;&gt;</a>&nbsp;&nbsp;&nbsp;ADC_IRQHandler
</UL>
<BR>[Address Reference Count : 1]<UL><LI> startup_lpc17xx.o(RESET)
</UL>
<P><STRONG><a name="[21]"></a>BOD_IRQHandler</STRONG> (Thumb, 0 bytes, Stack size 0 bytes, startup_lpc17xx.o(.text))
<BR>[Address Reference Count : 1]<UL><LI> startup_lpc17xx.o(RESET)
</UL>
<P><STRONG><a name="[2c]"></a>CANActivity_IRQHandler</STRONG> (Thumb, 0 bytes, Stack size 0 bytes, startup_lpc17xx.o(.text))
<BR>[Address Reference Count : 1]<UL><LI> startup_lpc17xx.o(RESET)
</UL>
<P><STRONG><a name="[23]"></a>CAN_IRQHandler</STRONG> (Thumb, 0 bytes, Stack size 0 bytes, startup_lpc17xx.o(.text))
<BR>[Address Reference Count : 1]<UL><LI> startup_lpc17xx.o(RESET)
</UL>
<P><STRONG><a name="[24]"></a>DMA_IRQHandler</STRONG> (Thumb, 0 bytes, Stack size 0 bytes, startup_lpc17xx.o(.text))
<BR>[Address Reference Count : 1]<UL><LI> startup_lpc17xx.o(RESET)
</UL>
<P><STRONG><a name="[1c]"></a>EINT0_IRQHandler</STRONG> (Thumb, 0 bytes, Stack size 0 bytes, startup_lpc17xx.o(.text))
<BR>[Address Reference Count : 1]<UL><LI> startup_lpc17xx.o(RESET)
</UL>
<P><STRONG><a name="[1d]"></a>EINT1_IRQHandler</STRONG> (Thumb, 0 bytes, Stack size 0 bytes, startup_lpc17xx.o(.text))
<BR>[Address Reference Count : 1]<UL><LI> startup_lpc17xx.o(RESET)
</UL>
<P><STRONG><a name="[1e]"></a>EINT2_IRQHandler</STRONG> (Thumb, 0 bytes, Stack size 0 bytes, startup_lpc17xx.o(.text))
<BR>[Address Reference Count : 1]<UL><LI> startup_lpc17xx.o(RESET)
</UL>
<P><STRONG><a name="[1f]"></a>EINT3_IRQHandler</STRONG> (Thumb, 0 bytes, Stack size 0 bytes, startup_lpc17xx.o(.text))
<BR>[Address Reference Count : 1]<UL><LI> startup_lpc17xx.o(RESET)
</UL>
<P><STRONG><a name="[26]"></a>ENET_IRQHandler</STRONG> (Thumb, 0 bytes, Stack size 0 bytes, startup_lpc17xx.o(.text))
<BR>[Address Reference Count : 1]<UL><LI> startup_lpc17xx.o(RESET)
</UL>
<P><STRONG><a name="[14]"></a>I2C0_IRQHandler</STRONG> (Thumb, 0 bytes, Stack size 0 bytes, startup_lpc17xx.o(.text))
<BR>[Address Reference Count : 1]<UL><LI> startup_lpc17xx.o(RESET)
</UL>
<P><STRONG><a name="[15]"></a>I2C1_IRQHandler</STRONG> (Thumb, 0 bytes, Stack size 0 bytes, startup_lpc17xx.o(.text))
<BR>[Address Reference Count : 1]<UL><LI> startup_lpc17xx.o(RESET)
</UL>
<P><STRONG><a name="[16]"></a>I2C2_IRQHandler</STRONG> (Thumb, 0 bytes, Stack size 0 bytes, startup_lpc17xx.o(.text))
<BR>[Address Reference Count : 1]<UL><LI> startup_lpc17xx.o(RESET)
</UL>
<P><STRONG><a name="[25]"></a>I2S_IRQHandler</STRONG> (Thumb, 0 bytes, Stack size 0 bytes, startup_lpc17xx.o(.text))
<BR>[Address Reference Count : 1]<UL><LI> startup_lpc17xx.o(RESET)
</UL>
<P><STRONG><a name="[28]"></a>MCPWM_IRQHandler</STRONG> (Thumb, 0 bytes, Stack size 0 bytes, startup_lpc17xx.o(.text))
<BR>[Address Reference Count : 1]<UL><LI> startup_lpc17xx.o(RESET)
</UL>
<P><STRONG><a name="[1a]"></a>PLL0_IRQHandler</STRONG> (Thumb, 0 bytes, Stack size 0 bytes, startup_lpc17xx.o(.text))
<BR>[Address Reference Count : 1]<UL><LI> startup_lpc17xx.o(RESET)
</UL>
<P><STRONG><a name="[2a]"></a>PLL1_IRQHandler</STRONG> (Thumb, 0 bytes, Stack size 0 bytes, startup_lpc17xx.o(.text))
<BR>[Address Reference Count : 1]<UL><LI> startup_lpc17xx.o(RESET)
</UL>
<P><STRONG><a name="[13]"></a>PWM1_IRQHandler</STRONG> (Thumb, 0 bytes, Stack size 0 bytes, startup_lpc17xx.o(.text))
<BR>[Address Reference Count : 1]<UL><LI> startup_lpc17xx.o(RESET)
</UL>
<P><STRONG><a name="[29]"></a>QEI_IRQHandler</STRONG> (Thumb, 0 bytes, Stack size 0 bytes, startup_lpc17xx.o(.text))
<BR>[Address Reference Count : 1]<UL><LI> startup_lpc17xx.o(RESET)
</UL>
<P><STRONG><a name="[27]"></a>RIT_IRQHandler</STRONG> (Thumb, 0 bytes, Stack size 0 bytes, startup_lpc17xx.o(.text))
<BR>[Address Reference Count : 1]<UL><LI> startup_lpc17xx.o(RESET)
</UL>
<P><STRONG><a name="[1b]"></a>RTC_IRQHandler</STRONG> (Thumb, 0 bytes, Stack size 0 bytes, startup_lpc17xx.o(.text))
<BR>[Address Reference Count : 1]<UL><LI> startup_lpc17xx.o(RESET)
</UL>
<P><STRONG><a name="[17]"></a>SPI_IRQHandler</STRONG> (Thumb, 0 bytes, Stack size 0 bytes, startup_lpc17xx.o(.text))
<BR>[Address Reference Count : 1]<UL><LI> startup_lpc17xx.o(RESET)
</UL>
<P><STRONG><a name="[18]"></a>SSP0_IRQHandler</STRONG> (Thumb, 0 bytes, Stack size 0 bytes, startup_lpc17xx.o(.text))
<BR>[Address Reference Count : 1]<UL><LI> startup_lpc17xx.o(RESET)
</UL>
<P><STRONG><a name="[19]"></a>SSP1_IRQHandler</STRONG> (Thumb, 0 bytes, Stack size 0 bytes, startup_lpc17xx.o(.text))
<BR>[Address Reference Count : 1]<UL><LI> startup_lpc17xx.o(RESET)
</UL>
<P><STRONG><a name="[b]"></a>TIMER0_IRQHandler</STRONG> (Thumb, 0 bytes, Stack size 0 bytes, startup_lpc17xx.o(.text))
<BR>[Address Reference Count : 1]<UL><LI> startup_lpc17xx.o(RESET)
</UL>
<P><STRONG><a name="[c]"></a>TIMER1_IRQHandler</STRONG> (Thumb, 0 bytes, Stack size 0 bytes, startup_lpc17xx.o(.text))
<BR>[Address Reference Count : 1]<UL><LI> startup_lpc17xx.o(RESET)
</UL>
<P><STRONG><a name="[d]"></a>TIMER2_IRQHandler</STRONG> (Thumb, 0 bytes, Stack size 0 bytes, startup_lpc17xx.o(.text))
<BR>[Address Reference Count : 1]<UL><LI> startup_lpc17xx.o(RESET)
</UL>
<P><STRONG><a name="[e]"></a>TIMER3_IRQHandler</STRONG> (Thumb, 0 bytes, Stack size 0 bytes, startup_lpc17xx.o(.text))
<BR>[Address Reference Count : 1]<UL><LI> startup_lpc17xx.o(RESET)
</UL>
<P><STRONG><a name="[f]"></a>UART0_IRQHandler</STRONG> (Thumb, 0 bytes, Stack size 0 bytes, startup_lpc17xx.o(.text))
<BR>[Address Reference Count : 1]<UL><LI> startup_lpc17xx.o(RESET)
</UL>
<P><STRONG><a name="[10]"></a>UART1_IRQHandler</STRONG> (Thumb, 0 bytes, Stack size 0 bytes, startup_lpc17xx.o(.text))
<BR>[Address Reference Count : 1]<UL><LI> startup_lpc17xx.o(RESET)
</UL>
<P><STRONG><a name="[11]"></a>UART2_IRQHandler</STRONG> (Thumb, 0 bytes, Stack size 0 bytes, startup_lpc17xx.o(.text))
<BR>[Address Reference Count : 1]<UL><LI> startup_lpc17xx.o(RESET)
</UL>
<P><STRONG><a name="[12]"></a>UART3_IRQHandler</STRONG> (Thumb, 0 bytes, Stack size 0 bytes, startup_lpc17xx.o(.text))
<BR>[Address Reference Count : 1]<UL><LI> startup_lpc17xx.o(RESET)
</UL>
<P><STRONG><a name="[2b]"></a>USBActivity_IRQHandler</STRONG> (Thumb, 0 bytes, Stack size 0 bytes, startup_lpc17xx.o(.text))
<BR>[Address Reference Count : 1]<UL><LI> startup_lpc17xx.o(RESET)
</UL>
<P><STRONG><a name="[a]"></a>WDT_IRQHandler</STRONG> (Thumb, 0 bytes, Stack size 0 bytes, startup_lpc17xx.o(.text))
<BR>[Address Reference Count : 1]<UL><LI> startup_lpc17xx.o(RESET)
</UL>
<P><STRONG><a name="[33]"></a>__scatterload</STRONG> (Thumb, 28 bytes, Stack size 0 bytes, init.o(.text))
<BR><BR>[Calls]<UL><LI><a href="#[34]">&gt;&gt;</a>&nbsp;&nbsp;&nbsp;__main_after_scatterload
</UL>
<BR>[Called By]<UL><LI><a href="#[32]">&gt;&gt;</a>&nbsp;&nbsp;&nbsp;_main_scatterload
</UL>

<P><STRONG><a name="[5c]"></a>__scatterload_rt2</STRONG> (Thumb, 0 bytes, Stack size 0 bytes, init.o(.text), UNUSED)

<P><STRONG><a name="[36]"></a>EPAdr</STRONG> (Thumb, 16 bytes, Stack size 0 bytes, usbhw.o(i.EPAdr))
<BR><BR>[Called By]<UL><LI><a href="#[55]">&gt;&gt;</a>&nbsp;&nbsp;&nbsp;WrCmdEP
<LI><a href="#[49]">&gt;&gt;</a>&nbsp;&nbsp;&nbsp;USB_SetStallEP
<LI><a href="#[57]">&gt;&gt;</a>&nbsp;&nbsp;&nbsp;USB_ResetEP
<LI><a href="#[3e]">&gt;&gt;</a>&nbsp;&nbsp;&nbsp;USB_EnableEP
<LI><a href="#[42]">&gt;&gt;</a>&nbsp;&nbsp;&nbsp;USB_DisableEP
<LI><a href="#[38]">&gt;&gt;</a>&nbsp;&nbsp;&nbsp;USB_ConfigEP
<LI><a href="#[35]">&gt;&gt;</a>&nbsp;&nbsp;&nbsp;USB_ClrStallEP
</UL>

<P><STRONG><a name="[3b]"></a>GetInReport</STRONG> (Thumb, 104 bytes, Stack size 0 bytes, main.o(i.GetInReport))
<BR><BR>[Called By]<UL><LI><a href="#[31]">&gt;&gt;</a>&nbsp;&nbsp;&nbsp;USB_EndPoint1
<LI><a href="#[3a]">&gt;&gt;</a>&nbsp;&nbsp;&nbsp;USB_Configure_Event
</UL>

<P><STRONG><a name="[4f]"></a>RdCmdDat</STRONG> (Thumb, 32 bytes, Stack size 0 bytes, usbhw.o(i.RdCmdDat))
<BR><BR>[Called By]<UL><LI><a href="#[22]">&gt;&gt;</a>&nbsp;&nbsp;&nbsp;USB_IRQHandler
</UL>

<P><STRONG><a name="[35]"></a>USB_ClrStallEP</STRONG> (Thumb, 26 bytes, Stack size 12 bytes, usbhw.o(i.USB_ClrStallEP))
<BR><BR>[Stack]<UL><LI>Max Depth = 12<LI>Call Chain = USB_ClrStallEP
</UL>
<BR>[Calls]<UL><LI><a href="#[37]">&gt;&gt;</a>&nbsp;&nbsp;&nbsp;WrCmdDat
<LI><a href="#[36]">&gt;&gt;</a>&nbsp;&nbsp;&nbsp;EPAdr
</UL>
<BR>[Called By]<UL><LI><a href="#[46]">&gt;&gt;</a>&nbsp;&nbsp;&nbsp;USB_ReqSetClrFeature
<LI><a href="#[30]">&gt;&gt;</a>&nbsp;&nbsp;&nbsp;USB_EndPoint0
</UL>

<P><STRONG><a name="[38]"></a>USB_ConfigEP</STRONG> (Thumb, 66 bytes, Stack size 8 bytes, usbhw.o(i.USB_ConfigEP))
<BR><BR>[Stack]<UL><LI>Max Depth = 8<LI>Call Chain = USB_ConfigEP
</UL>
<BR>[Calls]<UL><LI><a href="#[36]">&gt;&gt;</a>&nbsp;&nbsp;&nbsp;EPAdr
</UL>
<BR>[Called By]<UL><LI><a href="#[4b]">&gt;&gt;</a>&nbsp;&nbsp;&nbsp;USB_ReqSetInterface
<LI><a href="#[4a]">&gt;&gt;</a>&nbsp;&nbsp;&nbsp;USB_ReqSetConfiguration
</UL>

<P><STRONG><a name="[39]"></a>USB_Configure</STRONG> (Thumb, 54 bytes, Stack size 8 bytes, usbhw.o(i.USB_Configure))
<BR><BR>[Stack]<UL><LI>Max Depth = 8<LI>Call Chain = USB_Configure
</UL>
<BR>[Calls]<UL><LI><a href="#[37]">&gt;&gt;</a>&nbsp;&nbsp;&nbsp;WrCmdDat
</UL>
<BR>[Called By]<UL><LI><a href="#[4a]">&gt;&gt;</a>&nbsp;&nbsp;&nbsp;USB_ReqSetConfiguration
</UL>

<P><STRONG><a name="[3a]"></a>USB_Configure_Event</STRONG> (Thumb, 24 bytes, Stack size 8 bytes, usbuser.o(i.USB_Configure_Event))
<BR><BR>[Stack]<UL><LI>Max Depth = 36<LI>Call Chain = USB_Configure_Event &rArr; USB_WriteEP &rArr; WrCmdEP
</UL>
<BR>[Calls]<UL><LI><a href="#[3c]">&gt;&gt;</a>&nbsp;&nbsp;&nbsp;USB_WriteEP
<LI><a href="#[3b]">&gt;&gt;</a>&nbsp;&nbsp;&nbsp;GetInReport
</UL>
<BR>[Called By]<UL><LI><a href="#[30]">&gt;&gt;</a>&nbsp;&nbsp;&nbsp;USB_EndPoint0
</UL>

<P><STRONG><a name="[3d]"></a>USB_Connect</STRONG> (Thumb, 28 bytes, Stack size 8 bytes, usbhw.o(i.USB_Connect))
<BR><BR>[Stack]<UL><LI>Max Depth = 8<LI>Call Chain = USB_Connect
</UL>
<BR>[Calls]<UL><LI><a href="#[37]">&gt;&gt;</a>&nbsp;&nbsp;&nbsp;WrCmdDat
</UL>
<BR>[Called By]<UL><LI><a href="#[2d]">&gt;&gt;</a>&nbsp;&nbsp;&nbsp;main
</UL>

<P><STRONG><a name="[44]"></a>USB_DirCtrlEP</STRONG> (Thumb, 2 bytes, Stack size 0 bytes, usbhw.o(i.USB_DirCtrlEP))
<BR><BR>[Called By]<UL><LI><a href="#[30]">&gt;&gt;</a>&nbsp;&nbsp;&nbsp;USB_EndPoint0
</UL>

<P><STRONG><a name="[3e]"></a>USB_EnableEP</STRONG> (Thumb, 26 bytes, Stack size 12 bytes, usbhw.o(i.USB_EnableEP))
<BR><BR>[Stack]<UL><LI>Max Depth = 12<LI>Call Chain = USB_EnableEP
</UL>
<BR>[Calls]<UL><LI><a href="#[37]">&gt;&gt;</a>&nbsp;&nbsp;&nbsp;WrCmdDat
<LI><a href="#[36]">&gt;&gt;</a>&nbsp;&nbsp;&nbsp;EPAdr
</UL>
<BR>[Called By]<UL><LI><a href="#[4b]">&gt;&gt;</a>&nbsp;&nbsp;&nbsp;USB_ReqSetInterface
<LI><a href="#[4a]">&gt;&gt;</a>&nbsp;&nbsp;&nbsp;USB_ReqSetConfiguration
</UL>

<P><STRONG><a name="[2e]"></a>SystemInit</STRONG> (Thumb, 538 bytes, Stack size 0 bytes, system_lpc17xx.o(i.SystemInit))
<BR>[Address Reference Count : 1]<UL><LI> startup_lpc17xx.o(.text)
</UL>
<P><STRONG><a name="[3f]"></a>USB_DataInStage</STRONG> (Thumb, 52 bytes, Stack size 8 bytes, usbcore.o(i.USB_DataInStage))
<BR><BR>[Stack]<UL><LI>Max Depth = 36<LI>Call Chain = USB_DataInStage &rArr; USB_WriteEP &rArr; WrCmdEP
</UL>
<BR>[Calls]<UL><LI><a href="#[3c]">&gt;&gt;</a>&nbsp;&nbsp;&nbsp;USB_WriteEP
</UL>
<BR>[Called By]<UL><LI><a href="#[30]">&gt;&gt;</a>&nbsp;&nbsp;&nbsp;USB_EndPoint0
</UL>

<P><STRONG><a name="[40]"></a>USB_DataOutStage</STRONG> (Thumb, 34 bytes, Stack size 8 bytes, usbcore.o(i.USB_DataOutStage))
<BR><BR>[Stack]<UL><LI>Max Depth = 36<LI>Call Chain = USB_DataOutStage &rArr; USB_ReadEP &rArr; WrCmdEP
</UL>
<BR>[Calls]<UL><LI><a href="#[41]">&gt;&gt;</a>&nbsp;&nbsp;&nbsp;USB_ReadEP
</UL>
<BR>[Called By]<UL><LI><a href="#[30]">&gt;&gt;</a>&nbsp;&nbsp;&nbsp;USB_EndPoint0
</UL>

<P><STRONG><a name="[42]"></a>USB_DisableEP</STRONG> (Thumb, 26 bytes, Stack size 12 bytes, usbhw.o(i.USB_DisableEP))
<BR><BR>[Stack]<UL><LI>Max Depth = 12<LI>Call Chain = USB_DisableEP
</UL>
<BR>[Calls]<UL><LI><a href="#[37]">&gt;&gt;</a>&nbsp;&nbsp;&nbsp;WrCmdDat
<LI><a href="#[36]">&gt;&gt;</a>&nbsp;&nbsp;&nbsp;EPAdr
</UL>
<BR>[Called By]<UL><LI><a href="#[4b]">&gt;&gt;</a>&nbsp;&nbsp;&nbsp;USB_ReqSetInterface
<LI><a href="#[4a]">&gt;&gt;</a>&nbsp;&nbsp;&nbsp;USB_ReqSetConfiguration
</UL>

<P><STRONG><a name="[30]"></a>USB_EndPoint0</STRONG> (Thumb, 552 bytes, Stack size 8 bytes, usbcore.o(i.USB_EndPoint0))
<BR><BR>[Stack]<UL><LI>Max Depth = 60<LI>Call Chain = USB_EndPoint0 &rArr; USB_ReqSetInterface &rArr; USB_ResetEP
</UL>
<BR>[Calls]<UL><LI><a href="#[49]">&gt;&gt;</a>&nbsp;&nbsp;&nbsp;USB_SetStallEP
<LI><a href="#[4d]">&gt;&gt;</a>&nbsp;&nbsp;&nbsp;USB_SetAddress
<LI><a href="#[44]">&gt;&gt;</a>&nbsp;&nbsp;&nbsp;USB_DirCtrlEP
<LI><a href="#[3a]">&gt;&gt;</a>&nbsp;&nbsp;&nbsp;USB_Configure_Event
<LI><a href="#[35]">&gt;&gt;</a>&nbsp;&nbsp;&nbsp;USB_ClrStallEP
<LI><a href="#[4c]">&gt;&gt;</a>&nbsp;&nbsp;&nbsp;USB_StatusOutStage
<LI><a href="#[47]">&gt;&gt;</a>&nbsp;&nbsp;&nbsp;USB_StatusInStage
<LI><a href="#[43]">&gt;&gt;</a>&nbsp;&nbsp;&nbsp;USB_SetupStage
<LI><a href="#[4b]">&gt;&gt;</a>&nbsp;&nbsp;&nbsp;USB_ReqSetInterface
<LI><a href="#[4a]">&gt;&gt;</a>&nbsp;&nbsp;&nbsp;USB_ReqSetConfiguration
<LI><a href="#[46]">&gt;&gt;</a>&nbsp;&nbsp;&nbsp;USB_ReqSetClrFeature
<LI><a href="#[45]">&gt;&gt;</a>&nbsp;&nbsp;&nbsp;USB_ReqGetStatus
<LI><a href="#[48]">&gt;&gt;</a>&nbsp;&nbsp;&nbsp;USB_ReqGetDescriptor
<LI><a href="#[40]">&gt;&gt;</a>&nbsp;&nbsp;&nbsp;USB_DataOutStage
<LI><a href="#[3f]">&gt;&gt;</a>&nbsp;&nbsp;&nbsp;USB_DataInStage
</UL>
<BR>[Address Reference Count : 1]<UL><LI> usbuser.o(.constdata)
</UL>
<P><STRONG><a name="[31]"></a>USB_EndPoint1</STRONG> (Thumb, 28 bytes, Stack size 8 bytes, usbuser.o(i.USB_EndPoint1))
<BR><BR>[Stack]<UL><LI>Max Depth = 36<LI>Call Chain = USB_EndPoint1 &rArr; USB_WriteEP &rArr; WrCmdEP
</UL>
<BR>[Calls]<UL><LI><a href="#[3c]">&gt;&gt;</a>&nbsp;&nbsp;&nbsp;USB_WriteEP
<LI><a href="#[3b]">&gt;&gt;</a>&nbsp;&nbsp;&nbsp;GetInReport
</UL>
<BR>[Address Reference Count : 1]<UL><LI> usbuser.o(.constdata)
</UL>
<P><STRONG><a name="[22]"></a>USB_IRQHandler</STRONG> (Thumb, 232 bytes, Stack size 32 bytes, usbhw.o(i.USB_IRQHandler))
<BR><BR>[Stack]<UL><LI>Max Depth = 40<LI>Call Chain = USB_IRQHandler &rArr; USB_Reset_Event
</UL>
<BR>[Calls]<UL><LI><a href="#[51]">&gt;&gt;</a>&nbsp;&nbsp;&nbsp;USB_Reset_Event
<LI><a href="#[4e]">&gt;&gt;</a>&nbsp;&nbsp;&nbsp;WrCmd
<LI><a href="#[52]">&gt;&gt;</a>&nbsp;&nbsp;&nbsp;USB_Suspend
<LI><a href="#[53]">&gt;&gt;</a>&nbsp;&nbsp;&nbsp;USB_Resume
<LI><a href="#[50]">&gt;&gt;</a>&nbsp;&nbsp;&nbsp;USB_Reset
<LI><a href="#[4f]">&gt;&gt;</a>&nbsp;&nbsp;&nbsp;RdCmdDat
</UL>
<BR>[Address Reference Count : 1]<UL><LI> startup_lpc17xx.o(RESET)
</UL>
<P><STRONG><a name="[54]"></a>USB_Init</STRONG> (Thumb, 138 bytes, Stack size 4 bytes, usbhw.o(i.USB_Init))
<BR><BR>[Stack]<UL><LI>Max Depth = 12<LI>Call Chain = USB_Init &rArr; USB_SetAddress
</UL>
<BR>[Calls]<UL><LI><a href="#[50]">&gt;&gt;</a>&nbsp;&nbsp;&nbsp;USB_Reset
<LI><a href="#[4d]">&gt;&gt;</a>&nbsp;&nbsp;&nbsp;USB_SetAddress
</UL>
<BR>[Called By]<UL><LI><a href="#[2d]">&gt;&gt;</a>&nbsp;&nbsp;&nbsp;main
</UL>

<P><STRONG><a name="[41]"></a>USB_ReadEP</STRONG> (Thumb, 96 bytes, Stack size 20 bytes, usbhw.o(i.USB_ReadEP))
<BR><BR>[Stack]<UL><LI>Max Depth = 28<LI>Call Chain = USB_ReadEP &rArr; WrCmdEP
</UL>
<BR>[Calls]<UL><LI><a href="#[55]">&gt;&gt;</a>&nbsp;&nbsp;&nbsp;WrCmdEP
</UL>
<BR>[Called By]<UL><LI><a href="#[4c]">&gt;&gt;</a>&nbsp;&nbsp;&nbsp;USB_StatusOutStage
<LI><a href="#[43]">&gt;&gt;</a>&nbsp;&nbsp;&nbsp;USB_SetupStage
<LI><a href="#[40]">&gt;&gt;</a>&nbsp;&nbsp;&nbsp;USB_DataOutStage
</UL>

<P><STRONG><a name="[48]"></a>USB_ReqGetDescriptor</STRONG> (Thumb, 162 bytes, Stack size 8 bytes, usbcore.o(i.USB_ReqGetDescriptor))
<BR><BR>[Stack]<UL><LI>Max Depth = 8<LI>Call Chain = USB_ReqGetDescriptor
</UL>
<BR>[Called By]<UL><LI><a href="#[30]">&gt;&gt;</a>&nbsp;&nbsp;&nbsp;USB_EndPoint0
</UL>

<P><STRONG><a name="[45]"></a>USB_ReqGetStatus</STRONG> (Thumb, 160 bytes, Stack size 0 bytes, usbcore.o(i.USB_ReqGetStatus))
<BR><BR>[Called By]<UL><LI><a href="#[30]">&gt;&gt;</a>&nbsp;&nbsp;&nbsp;USB_EndPoint0
</UL>

<P><STRONG><a name="[46]"></a>USB_ReqSetClrFeature</STRONG> (Thumb, 210 bytes, Stack size 16 bytes, usbcore.o(i.USB_ReqSetClrFeature))
<BR><BR>[Stack]<UL><LI>Max Depth = 28<LI>Call Chain = USB_ReqSetClrFeature &rArr; USB_SetStallEP
</UL>
<BR>[Calls]<UL><LI><a href="#[56]">&gt;&gt;</a>&nbsp;&nbsp;&nbsp;USB_WakeUpCfg
<LI><a href="#[49]">&gt;&gt;</a>&nbsp;&nbsp;&nbsp;USB_SetStallEP
<LI><a href="#[35]">&gt;&gt;</a>&nbsp;&nbsp;&nbsp;USB_ClrStallEP
</UL>
<BR>[Called By]<UL><LI><a href="#[30]">&gt;&gt;</a>&nbsp;&nbsp;&nbsp;USB_EndPoint0
</UL>

<P><STRONG><a name="[4a]"></a>USB_ReqSetConfiguration</STRONG> (Thumb, 400 bytes, Stack size 24 bytes, usbcore.o(i.USB_ReqSetConfiguration))
<BR><BR>[Stack]<UL><LI>Max Depth = 36<LI>Call Chain = USB_ReqSetConfiguration &rArr; USB_ResetEP
</UL>
<BR>[Calls]<UL><LI><a href="#[57]">&gt;&gt;</a>&nbsp;&nbsp;&nbsp;USB_ResetEP
<LI><a href="#[3e]">&gt;&gt;</a>&nbsp;&nbsp;&nbsp;USB_EnableEP
<LI><a href="#[42]">&gt;&gt;</a>&nbsp;&nbsp;&nbsp;USB_DisableEP
<LI><a href="#[39]">&gt;&gt;</a>&nbsp;&nbsp;&nbsp;USB_Configure
<LI><a href="#[38]">&gt;&gt;</a>&nbsp;&nbsp;&nbsp;USB_ConfigEP
</UL>
<BR>[Called By]<UL><LI><a href="#[30]">&gt;&gt;</a>&nbsp;&nbsp;&nbsp;USB_EndPoint0
</UL>

<P><STRONG><a name="[4b]"></a>USB_ReqSetInterface</STRONG> (Thumb, 278 bytes, Stack size 40 bytes, usbcore.o(i.USB_ReqSetInterface))
<BR><BR>[Stack]<UL><LI>Max Depth = 52<LI>Call Chain = USB_ReqSetInterface &rArr; USB_ResetEP
</UL>
<BR>[Calls]<UL><LI><a href="#[57]">&gt;&gt;</a>&nbsp;&nbsp;&nbsp;USB_ResetEP
<LI><a href="#[3e]">&gt;&gt;</a>&nbsp;&nbsp;&nbsp;USB_EnableEP
<LI><a href="#[42]">&gt;&gt;</a>&nbsp;&nbsp;&nbsp;USB_DisableEP
<LI><a href="#[38]">&gt;&gt;</a>&nbsp;&nbsp;&nbsp;USB_ConfigEP
</UL>
<BR>[Called By]<UL><LI><a href="#[30]">&gt;&gt;</a>&nbsp;&nbsp;&nbsp;USB_EndPoint0
</UL>

<P><STRONG><a name="[50]"></a>USB_Reset</STRONG> (Thumb, 76 bytes, Stack size 0 bytes, usbhw.o(i.USB_Reset))
<BR><BR>[Called By]<UL><LI><a href="#[22]">&gt;&gt;</a>&nbsp;&nbsp;&nbsp;USB_IRQHandler
<LI><a href="#[54]">&gt;&gt;</a>&nbsp;&nbsp;&nbsp;USB_Init
</UL>

<P><STRONG><a name="[58]"></a>USB_ResetCore</STRONG> (Thumb, 34 bytes, Stack size 0 bytes, usbcore.o(i.USB_ResetCore))
<BR><BR>[Called By]<UL><LI><a href="#[51]">&gt;&gt;</a>&nbsp;&nbsp;&nbsp;USB_Reset_Event
</UL>

<P><STRONG><a name="[57]"></a>USB_ResetEP</STRONG> (Thumb, 26 bytes, Stack size 12 bytes, usbhw.o(i.USB_ResetEP))
<BR><BR>[Stack]<UL><LI>Max Depth = 12<LI>Call Chain = USB_ResetEP
</UL>
<BR>[Calls]<UL><LI><a href="#[37]">&gt;&gt;</a>&nbsp;&nbsp;&nbsp;WrCmdDat
<LI><a href="#[36]">&gt;&gt;</a>&nbsp;&nbsp;&nbsp;EPAdr
</UL>
<BR>[Called By]<UL><LI><a href="#[4b]">&gt;&gt;</a>&nbsp;&nbsp;&nbsp;USB_ReqSetInterface
<LI><a href="#[4a]">&gt;&gt;</a>&nbsp;&nbsp;&nbsp;USB_ReqSetConfiguration
</UL>

<P><STRONG><a name="[51]"></a>USB_Reset_Event</STRONG> (Thumb, 8 bytes, Stack size 8 bytes, usbuser.o(i.USB_Reset_Event))
<BR><BR>[Stack]<UL><LI>Max Depth = 8<LI>Call Chain = USB_Reset_Event
</UL>
<BR>[Calls]<UL><LI><a href="#[58]">&gt;&gt;</a>&nbsp;&nbsp;&nbsp;USB_ResetCore
</UL>
<BR>[Called By]<UL><LI><a href="#[22]">&gt;&gt;</a>&nbsp;&nbsp;&nbsp;USB_IRQHandler
</UL>

<P><STRONG><a name="[53]"></a>USB_Resume</STRONG> (Thumb, 2 bytes, Stack size 0 bytes, usbhw.o(i.USB_Resume))
<BR><BR>[Called By]<UL><LI><a href="#[22]">&gt;&gt;</a>&nbsp;&nbsp;&nbsp;USB_IRQHandler
</UL>

<P><STRONG><a name="[4d]"></a>USB_SetAddress</STRONG> (Thumb, 42 bytes, Stack size 8 bytes, usbhw.o(i.USB_SetAddress))
<BR><BR>[Stack]<UL><LI>Max Depth = 8<LI>Call Chain = USB_SetAddress
</UL>
<BR>[Calls]<UL><LI><a href="#[37]">&gt;&gt;</a>&nbsp;&nbsp;&nbsp;WrCmdDat
</UL>
<BR>[Called By]<UL><LI><a href="#[30]">&gt;&gt;</a>&nbsp;&nbsp;&nbsp;USB_EndPoint0
<LI><a href="#[54]">&gt;&gt;</a>&nbsp;&nbsp;&nbsp;USB_Init
</UL>

<P><STRONG><a name="[49]"></a>USB_SetStallEP</STRONG> (Thumb, 26 bytes, Stack size 12 bytes, usbhw.o(i.USB_SetStallEP))
<BR><BR>[Stack]<UL><LI>Max Depth = 12<LI>Call Chain = USB_SetStallEP
</UL>
<BR>[Calls]<UL><LI><a href="#[37]">&gt;&gt;</a>&nbsp;&nbsp;&nbsp;WrCmdDat
<LI><a href="#[36]">&gt;&gt;</a>&nbsp;&nbsp;&nbsp;EPAdr
</UL>
<BR>[Called By]<UL><LI><a href="#[46]">&gt;&gt;</a>&nbsp;&nbsp;&nbsp;USB_ReqSetClrFeature
<LI><a href="#[30]">&gt;&gt;</a>&nbsp;&nbsp;&nbsp;USB_EndPoint0
</UL>

<P><STRONG><a name="[43]"></a>USB_SetupStage</STRONG> (Thumb, 12 bytes, Stack size 8 bytes, usbcore.o(i.USB_SetupStage))
<BR><BR>[Stack]<UL><LI>Max Depth = 36<LI>Call Chain = USB_SetupStage &rArr; USB_ReadEP &rArr; WrCmdEP
</UL>
<BR>[Calls]<UL><LI><a href="#[41]">&gt;&gt;</a>&nbsp;&nbsp;&nbsp;USB_ReadEP
</UL>
<BR>[Called By]<UL><LI><a href="#[30]">&gt;&gt;</a>&nbsp;&nbsp;&nbsp;USB_EndPoint0
</UL>

<P><STRONG><a name="[47]"></a>USB_StatusInStage</STRONG> (Thumb, 14 bytes, Stack size 8 bytes, usbcore.o(i.USB_StatusInStage))
<BR><BR>[Stack]<UL><LI>Max Depth = 36<LI>Call Chain = USB_StatusInStage &rArr; USB_WriteEP &rArr; WrCmdEP
</UL>
<BR>[Calls]<UL><LI><a href="#[3c]">&gt;&gt;</a>&nbsp;&nbsp;&nbsp;USB_WriteEP
</UL>
<BR>[Called By]<UL><LI><a href="#[30]">&gt;&gt;</a>&nbsp;&nbsp;&nbsp;USB_EndPoint0
</UL>

<P><STRONG><a name="[4c]"></a>USB_StatusOutStage</STRONG> (Thumb, 12 bytes, Stack size 8 bytes, usbcore.o(i.USB_StatusOutStage))
<BR><BR>[Stack]<UL><LI>Max Depth = 36<LI>Call Chain = USB_StatusOutStage &rArr; USB_ReadEP &rArr; WrCmdEP
</UL>
<BR>[Calls]<UL><LI><a href="#[41]">&gt;&gt;</a>&nbsp;&nbsp;&nbsp;USB_ReadEP
</UL>
<BR>[Called By]<UL><LI><a href="#[30]">&gt;&gt;</a>&nbsp;&nbsp;&nbsp;USB_EndPoint0
</UL>

<P><STRONG><a name="[52]"></a>USB_Suspend</STRONG> (Thumb, 2 bytes, Stack size 0 bytes, usbhw.o(i.USB_Suspend))
<BR><BR>[Called By]<UL><LI><a href="#[22]">&gt;&gt;</a>&nbsp;&nbsp;&nbsp;USB_IRQHandler
</UL>

<P><STRONG><a name="[56]"></a>USB_WakeUpCfg</STRONG> (Thumb, 2 bytes, Stack size 0 bytes, usbhw.o(i.USB_WakeUpCfg))
<BR><BR>[Called By]<UL><LI><a href="#[46]">&gt;&gt;</a>&nbsp;&nbsp;&nbsp;USB_ReqSetClrFeature
</UL>

<P><STRONG><a name="[3c]"></a>USB_WriteEP</STRONG> (Thumb, 76 bytes, Stack size 20 bytes, usbhw.o(i.USB_WriteEP))
<BR><BR>[Stack]<UL><LI>Max Depth = 28<LI>Call Chain = USB_WriteEP &rArr; WrCmdEP
</UL>
<BR>[Calls]<UL><LI><a href="#[55]">&gt;&gt;</a>&nbsp;&nbsp;&nbsp;WrCmdEP
</UL>
<BR>[Called By]<UL><LI><a href="#[31]">&gt;&gt;</a>&nbsp;&nbsp;&nbsp;USB_EndPoint1
<LI><a href="#[3a]">&gt;&gt;</a>&nbsp;&nbsp;&nbsp;USB_Configure_Event
<LI><a href="#[47]">&gt;&gt;</a>&nbsp;&nbsp;&nbsp;USB_StatusInStage
<LI><a href="#[3f]">&gt;&gt;</a>&nbsp;&nbsp;&nbsp;USB_DataInStage
</UL>

<P><STRONG><a name="[4e]"></a>WrCmd</STRONG> (Thumb, 26 bytes, Stack size 0 bytes, usbhw.o(i.WrCmd))
<BR><BR>[Called By]<UL><LI><a href="#[22]">&gt;&gt;</a>&nbsp;&nbsp;&nbsp;USB_IRQHandler
</UL>

<P><STRONG><a name="[37]"></a>WrCmdDat</STRONG> (Thumb, 50 bytes, Stack size 0 bytes, usbhw.o(i.WrCmdDat))
<BR><BR>[Called By]<UL><LI><a href="#[49]">&gt;&gt;</a>&nbsp;&nbsp;&nbsp;USB_SetStallEP
<LI><a href="#[4d]">&gt;&gt;</a>&nbsp;&nbsp;&nbsp;USB_SetAddress
<LI><a href="#[57]">&gt;&gt;</a>&nbsp;&nbsp;&nbsp;USB_ResetEP
<LI><a href="#[3e]">&gt;&gt;</a>&nbsp;&nbsp;&nbsp;USB_EnableEP
<LI><a href="#[42]">&gt;&gt;</a>&nbsp;&nbsp;&nbsp;USB_DisableEP
<LI><a href="#[39]">&gt;&gt;</a>&nbsp;&nbsp;&nbsp;USB_Configure
<LI><a href="#[35]">&gt;&gt;</a>&nbsp;&nbsp;&nbsp;USB_ClrStallEP
<LI><a href="#[3d]">&gt;&gt;</a>&nbsp;&nbsp;&nbsp;USB_Connect
</UL>

<P><STRONG><a name="[55]"></a>WrCmdEP</STRONG> (Thumb, 70 bytes, Stack size 8 bytes, usbhw.o(i.WrCmdEP))
<BR><BR>[Stack]<UL><LI>Max Depth = 8<LI>Call Chain = WrCmdEP
</UL>
<BR>[Calls]<UL><LI><a href="#[36]">&gt;&gt;</a>&nbsp;&nbsp;&nbsp;EPAdr
</UL>
<BR>[Called By]<UL><LI><a href="#[3c]">&gt;&gt;</a>&nbsp;&nbsp;&nbsp;USB_WriteEP
<LI><a href="#[41]">&gt;&gt;</a>&nbsp;&nbsp;&nbsp;USB_ReadEP
</UL>

<P><STRONG><a name="[5d]"></a>__scatterload_copy</STRONG> (Thumb, 14 bytes, Stack size unknown bytes, handlers.o(i.__scatterload_copy), UNUSED)

<P><STRONG><a name="[5e]"></a>__scatterload_null</STRONG> (Thumb, 2 bytes, Stack size unknown bytes, handlers.o(i.__scatterload_null), UNUSED)

<P><STRONG><a name="[5f]"></a>__scatterload_zeroinit</STRONG> (Thumb, 14 bytes, Stack size unknown bytes, handlers.o(i.__scatterload_zeroinit), UNUSED)

<P><STRONG><a name="[2d]"></a>main</STRONG> (Thumb, 52 bytes, Stack size 0 bytes, main.o(i.main))
<BR><BR>[Stack]<UL><LI>Max Depth = 12<LI>Call Chain = main &rArr; USB_Init &rArr; USB_SetAddress
</UL>
<BR>[Calls]<UL><LI><a href="#[54]">&gt;&gt;</a>&nbsp;&nbsp;&nbsp;USB_Init
<LI><a href="#[3d]">&gt;&gt;</a>&nbsp;&nbsp;&nbsp;USB_Connect
</UL>
<BR>[Address Reference Count : 1]<UL><LI> entry8.o(.ARM.Collect$$$$00000009)
</UL><P>
<H3>
Local Symbols
</H3><P>
<H3>
Undefined Global Symbols
</H3><HR></body></html>
