<html>
<body>
<pre>
<h1>µVision Build Log</h1>
<h2>Project:</h2>
E:\FizzyStudio\Projects\public\USB-CAN-II\Project\USB-CAN-II.uvproj
Project File Date:  10/16/2018

<h2>Output:</h2>
Rebuild target 'USB-CAN-II'
assembling startup_LPC17xx.s...
compiling LPC17xx_it.c...
compiling main.c...
compiling CAN.c...
compiling uart.c...
linking...
USB-CAN-II.axf: Error: L6218E: Undefined symbol SystemInit (referred from startup_lpc17xx.o).
USB-CAN-II.axf: Error: L6218E: Undefined symbol SystemCoreClock (referred from uart.o).
Target not created
Rebuild target 'USB-CAN-II'
assembling startup_LPC17xx.s...
compiling core_cm3.c...
compiling system_LPC17xx.c...
compiling LPC17xx_it.c...
compiling main.c...
compiling CAN.c...
compiling uart.c...
linking...
Program Size: Code=3032 RO-data=304 RW-data=60 ZI-data=676  
FromELF: creating hex file...
"USB-CAN-II.axf" - 0 Error(s), 0 Warning(s).
Rebuild target 'USB-CAN-II'
assembling startup_LPC17xx.s...
compiling core_cm3.c...
compiling system_LPC17xx.c...
compiling LPC17xx_it.c...
compiling main.c...
compiling CAN.c...
compiling uart.c...
linking...
Program Size: Code=3032 RO-data=304 RW-data=60 ZI-data=676  
FromELF: creating hex file...
"USB-CAN-II.axf" - 0 Error(s), 0 Warning(s).
Rebuild target 'USB-CAN-II'
assembling startup_LPC17xx.s...
compiling core_cm3.c...
compiling system_LPC17xx.c...
compiling LPC17xx_it.c...
compiling main.c...
compiling CAN.c...
compiling uart.c...
linking...
Program Size: Code=3032 RO-data=304 RW-data=60 ZI-data=676  
FromELF: creating hex file...
".\obj\USB-CAN-II.axf" - 0 Error(s), 0 Warning(s).
Rebuild target 'USB-CAN-II'
assembling startup_LPC17xx.s...
compiling core_cm3.c...
compiling system_LPC17xx.c...
compiling LPC17xx_it.c...
compiling main.c...
compiling CAN.c...
compiling uart.c...
linking...
Program Size: Code=3032 RO-data=304 RW-data=60 ZI-data=676  
FromELF: creating hex file...
".\obj\USB-CAN-II.axf" - 0 Error(s), 0 Warning(s).
Rebuild target 'USB-CAN-II'
assembling startup_LPC17xx.s...
compiling core_cm3.c...
compiling system_LPC17xx.c...
compiling LPC17xx_it.c...
compiling main.c...
compiling CAN.c...
compiling uart.c...
linking...
Program Size: Code=3032 RO-data=304 RW-data=60 ZI-data=676  
FromELF: creating hex file...
".\obj\USB-CAN-II.axf" - 0 Error(s), 0 Warning(s).
